Archive member included to satisfy reference by file (symbol)

c:/program files (x86)/atmel/studio/7.0/toolchain/avr8/avr8-gnu-toolchain/bin/../lib/gcc/avr/5.4.0/avr5\libgcc.a(_exit.o)
                              C:/Program Files (x86)/Atmel/Studio/7.0/Packs/atmel/ATmega_DFP/1.7.374/gcc/dev/atmega32a/avr5/crtatmega32a.o (exit)
c:/program files (x86)/atmel/studio/7.0/toolchain/avr8/avr8-gnu-toolchain/bin/../lib/gcc/avr/5.4.0/avr5\libgcc.a(_tablejump2.o)
                              MCAL/timer/timer.o (__tablejump2__)
c:/program files (x86)/atmel/studio/7.0/toolchain/avr8/avr8-gnu-toolchain/bin/../lib/gcc/avr/5.4.0/avr5\libgcc.a(_copy_data.o)
                              HAL/led/led_config.o (__do_copy_data)
c:/program files (x86)/atmel/studio/7.0/toolchain/avr8/avr8-gnu-toolchain/bin/../lib/gcc/avr/5.4.0/avr5\libgcc.a(_clear_bss.o)
                              APP/app.o (__do_clear_bss)

Discarded input sections

 .data          0x00000000        0x0 C:/Program Files (x86)/Atmel/Studio/7.0/Packs/atmel/ATmega_DFP/1.7.374/gcc/dev/atmega32a/avr5/crtatmega32a.o
 .bss           0x00000000        0x0 C:/Program Files (x86)/Atmel/Studio/7.0/Packs/atmel/ATmega_DFP/1.7.374/gcc/dev/atmega32a/avr5/crtatmega32a.o
 .text          0x00000000        0x0 APP/app.o
 .data          0x00000000        0x0 APP/app.o
 .bss           0x00000000        0x0 APP/app.o
 .text          0x00000000        0x0 HAL/button/button.o
 .data          0x00000000        0x0 HAL/button/button.o
 .bss           0x00000000        0x0 HAL/button/button.o
 .text.BTN_init
                0x00000000       0x38 HAL/button/button.o
 .text.BTN_read_state
                0x00000000       0x94 HAL/button/button.o
 .debug_info    0x00000000      0x326 HAL/button/button.o
 .debug_abbrev  0x00000000      0x100 HAL/button/button.o
 .debug_loc     0x00000000      0x2ab HAL/button/button.o
 .debug_aranges
                0x00000000       0x28 HAL/button/button.o
 .debug_ranges  0x00000000       0x18 HAL/button/button.o
 .debug_line    0x00000000      0x188 HAL/button/button.o
 .debug_str     0x00000000      0x3b7 HAL/button/button.o
 .comment       0x00000000       0x31 HAL/button/button.o
 .debug_frame   0x00000000       0x64 HAL/button/button.o
 .text          0x00000000        0x0 HAL/led/led.o
 .data          0x00000000        0x0 HAL/led/led.o
 .bss           0x00000000        0x0 HAL/led/led.o
 .text.LED_turn_on
                0x00000000       0x26 HAL/led/led.o
 .text.LED_turn_off
                0x00000000       0x26 HAL/led/led.o
 .text          0x00000000        0x0 HAL/led/led_config.o
 .data          0x00000000        0x0 HAL/led/led_config.o
 .bss           0x00000000        0x0 HAL/led/led_config.o
 .data.st_g_led2_instance
                0x00000000        0x3 HAL/led/led_config.o
 .text          0x00000000        0x0 main.o
 .data          0x00000000        0x0 main.o
 .bss           0x00000000        0x0 main.o
 .text          0x00000000        0x0 MCAL/dio/dio.o
 .data          0x00000000        0x0 MCAL/dio/dio.o
 .bss           0x00000000        0x0 MCAL/dio/dio.o
 .text.DIO_pin_read_logic
                0x00000000       0x6a MCAL/dio/dio.o
 .text.DIO_port_direction_intialize
                0x00000000       0x20 MCAL/dio/dio.o
 .text.DIO_port_write_logic
                0x00000000       0x20 MCAL/dio/dio.o
 .text.DIO_port_read_logic
                0x00000000       0x24 MCAL/dio/dio.o
 .text.DIO_port_toggle_logic
                0x00000000       0x24 MCAL/dio/dio.o
 .rodata.pin_registers
                0x00000000        0x8 MCAL/dio/dio.o
 .text          0x00000000        0x0 MCAL/exti/external_interrupt.h.o
 .data          0x00000000        0x0 MCAL/exti/external_interrupt.h.o
 .bss           0x00000000        0x0 MCAL/exti/external_interrupt.h.o
 .text.EXT_INTx_DeInit
                0x00000000       0x36 MCAL/exti/external_interrupt.h.o
 .text          0x00000000        0x0 MCAL/timer/timer.o
 .data          0x00000000        0x0 MCAL/timer/timer.o
 .bss           0x00000000        0x0 MCAL/timer/timer.o
 .text          0x00000000        0x0 SERVICE/sos/sos.o
 .data          0x00000000        0x0 SERVICE/sos/sos.o
 .bss           0x00000000        0x0 SERVICE/sos/sos.o
 .text.SOS_deinit
                0x00000000       0x42 SERVICE/sos/sos.o
 .text.SOS_activate_task
                0x00000000       0x3a SERVICE/sos/sos.o
 .text.SOS_modify_task
                0x00000000       0x7c SERVICE/sos/sos.o
 .text.SOS_delete_task
                0x00000000       0x68 SERVICE/sos/sos.o
 .bss.u8_sg_sos_time_counter_2_
                0x00000000        0x4 SERVICE/sos/sos.o
 .bss.u8_sg_sos_time_counter
                0x00000000        0x4 SERVICE/sos/sos.o
 .text          0x00000000        0x0 SERVICE/sos/sos_config.o
 .data          0x00000000        0x0 SERVICE/sos/sos_config.o
 .bss           0x00000000        0x0 SERVICE/sos/sos_config.o
 .data.str_g_task_3_
                0x00000000        0x7 SERVICE/sos/sos_config.o
 .text          0x00000000        0x0 STD_LIBRARIES/ex_int_manger/ex_int_manger.o
 .data          0x00000000        0x0 STD_LIBRARIES/ex_int_manger/ex_int_manger.o
 .bss           0x00000000        0x0 STD_LIBRARIES/ex_int_manger/ex_int_manger.o
 .text.EXT_INTx_setEdgeType_manger
                0x00000000       0x16 STD_LIBRARIES/ex_int_manger/ex_int_manger.o
 .text.EXT_INTx_DeInit_manger
                0x00000000        0xe STD_LIBRARIES/ex_int_manger/ex_int_manger.o
 .text          0x00000000        0x0 STD_LIBRARIES/ex_int_manger/ex_int_manger_config.o
 .data          0x00000000        0x0 STD_LIBRARIES/ex_int_manger/ex_int_manger_config.o
 .bss           0x00000000        0x0 STD_LIBRARIES/ex_int_manger/ex_int_manger_config.o
 .data.s_INT0   0x00000000        0x2 STD_LIBRARIES/ex_int_manger/ex_int_manger_config.o
 .text          0x00000000        0x0 STD_LIBRARIES/timer_manager/timer_manager.o
 .data          0x00000000        0x0 STD_LIBRARIES/timer_manager/timer_manager.o
 .bss           0x00000000        0x0 STD_LIBRARIES/timer_manager/timer_manager.o
 .text          0x00000000        0x0 STD_LIBRARIES/timer_manager/timer_manger_config.o
 .data          0x00000000        0x0 STD_LIBRARIES/timer_manager/timer_manger_config.o
 .bss           0x00000000        0x0 STD_LIBRARIES/timer_manager/timer_manger_config.o
 .text          0x00000000        0x0 c:/program files (x86)/atmel/studio/7.0/toolchain/avr8/avr8-gnu-toolchain/bin/../lib/gcc/avr/5.4.0/avr5\libgcc.a(_exit.o)
 .data          0x00000000        0x0 c:/program files (x86)/atmel/studio/7.0/toolchain/avr8/avr8-gnu-toolchain/bin/../lib/gcc/avr/5.4.0/avr5\libgcc.a(_exit.o)
 .bss           0x00000000        0x0 c:/program files (x86)/atmel/studio/7.0/toolchain/avr8/avr8-gnu-toolchain/bin/../lib/gcc/avr/5.4.0/avr5\libgcc.a(_exit.o)
 .text.libgcc.mul
                0x00000000        0x0 c:/program files (x86)/atmel/studio/7.0/toolchain/avr8/avr8-gnu-toolchain/bin/../lib/gcc/avr/5.4.0/avr5\libgcc.a(_exit.o)
 .text.libgcc.div
                0x00000000        0x0 c:/program files (x86)/atmel/studio/7.0/toolchain/avr8/avr8-gnu-toolchain/bin/../lib/gcc/avr/5.4.0/avr5\libgcc.a(_exit.o)
 .text.libgcc   0x00000000        0x0 c:/program files (x86)/atmel/studio/7.0/toolchain/avr8/avr8-gnu-toolchain/bin/../lib/gcc/avr/5.4.0/avr5\libgcc.a(_exit.o)
 .text.libgcc.prologue
                0x00000000        0x0 c:/program files (x86)/atmel/studio/7.0/toolchain/avr8/avr8-gnu-toolchain/bin/../lib/gcc/avr/5.4.0/avr5\libgcc.a(_exit.o)
 .text.libgcc.builtins
                0x00000000        0x0 c:/program files (x86)/atmel/studio/7.0/toolchain/avr8/avr8-gnu-toolchain/bin/../lib/gcc/avr/5.4.0/avr5\libgcc.a(_exit.o)
 .text.libgcc.fmul
                0x00000000        0x0 c:/program files (x86)/atmel/studio/7.0/toolchain/avr8/avr8-gnu-toolchain/bin/../lib/gcc/avr/5.4.0/avr5\libgcc.a(_exit.o)
 .text.libgcc.fixed
                0x00000000        0x0 c:/program files (x86)/atmel/studio/7.0/toolchain/avr8/avr8-gnu-toolchain/bin/../lib/gcc/avr/5.4.0/avr5\libgcc.a(_exit.o)
 .text          0x00000000        0x0 c:/program files (x86)/atmel/studio/7.0/toolchain/avr8/avr8-gnu-toolchain/bin/../lib/gcc/avr/5.4.0/avr5\libgcc.a(_tablejump2.o)
 .data          0x00000000        0x0 c:/program files (x86)/atmel/studio/7.0/toolchain/avr8/avr8-gnu-toolchain/bin/../lib/gcc/avr/5.4.0/avr5\libgcc.a(_tablejump2.o)
 .bss           0x00000000        0x0 c:/program files (x86)/atmel/studio/7.0/toolchain/avr8/avr8-gnu-toolchain/bin/../lib/gcc/avr/5.4.0/avr5\libgcc.a(_tablejump2.o)
 .text.libgcc.mul
                0x00000000        0x0 c:/program files (x86)/atmel/studio/7.0/toolchain/avr8/avr8-gnu-toolchain/bin/../lib/gcc/avr/5.4.0/avr5\libgcc.a(_tablejump2.o)
 .text.libgcc.div
                0x00000000        0x0 c:/program files (x86)/atmel/studio/7.0/toolchain/avr8/avr8-gnu-toolchain/bin/../lib/gcc/avr/5.4.0/avr5\libgcc.a(_tablejump2.o)
 .text.libgcc.prologue
                0x00000000        0x0 c:/program files (x86)/atmel/studio/7.0/toolchain/avr8/avr8-gnu-toolchain/bin/../lib/gcc/avr/5.4.0/avr5\libgcc.a(_tablejump2.o)
 .text.libgcc.builtins
                0x00000000        0x0 c:/program files (x86)/atmel/studio/7.0/toolchain/avr8/avr8-gnu-toolchain/bin/../lib/gcc/avr/5.4.0/avr5\libgcc.a(_tablejump2.o)
 .text.libgcc.fmul
                0x00000000        0x0 c:/program files (x86)/atmel/studio/7.0/toolchain/avr8/avr8-gnu-toolchain/bin/../lib/gcc/avr/5.4.0/avr5\libgcc.a(_tablejump2.o)
 .text.libgcc.fixed
                0x00000000        0x0 c:/program files (x86)/atmel/studio/7.0/toolchain/avr8/avr8-gnu-toolchain/bin/../lib/gcc/avr/5.4.0/avr5\libgcc.a(_tablejump2.o)
 .text          0x00000000        0x0 c:/program files (x86)/atmel/studio/7.0/toolchain/avr8/avr8-gnu-toolchain/bin/../lib/gcc/avr/5.4.0/avr5\libgcc.a(_copy_data.o)
 .data          0x00000000        0x0 c:/program files (x86)/atmel/studio/7.0/toolchain/avr8/avr8-gnu-toolchain/bin/../lib/gcc/avr/5.4.0/avr5\libgcc.a(_copy_data.o)
 .bss           0x00000000        0x0 c:/program files (x86)/atmel/studio/7.0/toolchain/avr8/avr8-gnu-toolchain/bin/../lib/gcc/avr/5.4.0/avr5\libgcc.a(_copy_data.o)
 .text.libgcc.mul
                0x00000000        0x0 c:/program files (x86)/atmel/studio/7.0/toolchain/avr8/avr8-gnu-toolchain/bin/../lib/gcc/avr/5.4.0/avr5\libgcc.a(_copy_data.o)
 .text.libgcc.div
                0x00000000        0x0 c:/program files (x86)/atmel/studio/7.0/toolchain/avr8/avr8-gnu-toolchain/bin/../lib/gcc/avr/5.4.0/avr5\libgcc.a(_copy_data.o)
 .text.libgcc   0x00000000        0x0 c:/program files (x86)/atmel/studio/7.0/toolchain/avr8/avr8-gnu-toolchain/bin/../lib/gcc/avr/5.4.0/avr5\libgcc.a(_copy_data.o)
 .text.libgcc.prologue
                0x00000000        0x0 c:/program files (x86)/atmel/studio/7.0/toolchain/avr8/avr8-gnu-toolchain/bin/../lib/gcc/avr/5.4.0/avr5\libgcc.a(_copy_data.o)
 .text.libgcc.builtins
                0x00000000        0x0 c:/program files (x86)/atmel/studio/7.0/toolchain/avr8/avr8-gnu-toolchain/bin/../lib/gcc/avr/5.4.0/avr5\libgcc.a(_copy_data.o)
 .text.libgcc.fmul
                0x00000000        0x0 c:/program files (x86)/atmel/studio/7.0/toolchain/avr8/avr8-gnu-toolchain/bin/../lib/gcc/avr/5.4.0/avr5\libgcc.a(_copy_data.o)
 .text.libgcc.fixed
                0x00000000        0x0 c:/program files (x86)/atmel/studio/7.0/toolchain/avr8/avr8-gnu-toolchain/bin/../lib/gcc/avr/5.4.0/avr5\libgcc.a(_copy_data.o)
 .text          0x00000000        0x0 c:/program files (x86)/atmel/studio/7.0/toolchain/avr8/avr8-gnu-toolchain/bin/../lib/gcc/avr/5.4.0/avr5\libgcc.a(_clear_bss.o)
 .data          0x00000000        0x0 c:/program files (x86)/atmel/studio/7.0/toolchain/avr8/avr8-gnu-toolchain/bin/../lib/gcc/avr/5.4.0/avr5\libgcc.a(_clear_bss.o)
 .bss           0x00000000        0x0 c:/program files (x86)/atmel/studio/7.0/toolchain/avr8/avr8-gnu-toolchain/bin/../lib/gcc/avr/5.4.0/avr5\libgcc.a(_clear_bss.o)
 .text.libgcc.mul
                0x00000000        0x0 c:/program files (x86)/atmel/studio/7.0/toolchain/avr8/avr8-gnu-toolchain/bin/../lib/gcc/avr/5.4.0/avr5\libgcc.a(_clear_bss.o)
 .text.libgcc.div
                0x00000000        0x0 c:/program files (x86)/atmel/studio/7.0/toolchain/avr8/avr8-gnu-toolchain/bin/../lib/gcc/avr/5.4.0/avr5\libgcc.a(_clear_bss.o)
 .text.libgcc   0x00000000        0x0 c:/program files (x86)/atmel/studio/7.0/toolchain/avr8/avr8-gnu-toolchain/bin/../lib/gcc/avr/5.4.0/avr5\libgcc.a(_clear_bss.o)
 .text.libgcc.prologue
                0x00000000        0x0 c:/program files (x86)/atmel/studio/7.0/toolchain/avr8/avr8-gnu-toolchain/bin/../lib/gcc/avr/5.4.0/avr5\libgcc.a(_clear_bss.o)
 .text.libgcc.builtins
                0x00000000        0x0 c:/program files (x86)/atmel/studio/7.0/toolchain/avr8/avr8-gnu-toolchain/bin/../lib/gcc/avr/5.4.0/avr5\libgcc.a(_clear_bss.o)
 .text.libgcc.fmul
                0x00000000        0x0 c:/program files (x86)/atmel/studio/7.0/toolchain/avr8/avr8-gnu-toolchain/bin/../lib/gcc/avr/5.4.0/avr5\libgcc.a(_clear_bss.o)
 .text.libgcc.fixed
                0x00000000        0x0 c:/program files (x86)/atmel/studio/7.0/toolchain/avr8/avr8-gnu-toolchain/bin/../lib/gcc/avr/5.4.0/avr5\libgcc.a(_clear_bss.o)

Memory Configuration

Name             Origin             Length             Attributes
text             0x00000000         0x00008000         xr
data             0x00800060         0x00000800         rw !x
eeprom           0x00810000         0x00000400         rw !x
fuse             0x00820000         0x00000002         rw !x
lock             0x00830000         0x00000400         rw !x
signature        0x00840000         0x00000400         rw !x
user_signatures  0x00850000         0x00000400         rw !x
*default*        0x00000000         0xffffffff

Linker script and memory map

LOAD C:/Program Files (x86)/Atmel/Studio/7.0/Packs/atmel/ATmega_DFP/1.7.374/gcc/dev/atmega32a/avr5/crtatmega32a.o
LOAD APP/app.o
LOAD HAL/button/button.o
LOAD HAL/led/led.o
LOAD HAL/led/led_config.o
LOAD main.o
LOAD MCAL/dio/dio.o
LOAD MCAL/exti/external_interrupt.h.o
LOAD MCAL/timer/timer.o
LOAD SERVICE/sos/sos.o
LOAD SERVICE/sos/sos_config.o
LOAD STD_LIBRARIES/ex_int_manger/ex_int_manger.o
LOAD STD_LIBRARIES/ex_int_manger/ex_int_manger_config.o
LOAD STD_LIBRARIES/timer_manager/timer_manager.o
LOAD STD_LIBRARIES/timer_manager/timer_manger_config.o
START GROUP
LOAD c:/program files (x86)/atmel/studio/7.0/toolchain/avr8/avr8-gnu-toolchain/bin/../lib/gcc/avr/5.4.0/../../../../avr/lib/avr5\libm.a
END GROUP
START GROUP
LOAD c:/program files (x86)/atmel/studio/7.0/toolchain/avr8/avr8-gnu-toolchain/bin/../lib/gcc/avr/5.4.0/avr5\libgcc.a
LOAD c:/program files (x86)/atmel/studio/7.0/toolchain/avr8/avr8-gnu-toolchain/bin/../lib/gcc/avr/5.4.0/../../../../avr/lib/avr5\libm.a
LOAD c:/program files (x86)/atmel/studio/7.0/toolchain/avr8/avr8-gnu-toolchain/bin/../lib/gcc/avr/5.4.0/../../../../avr/lib/avr5\libc.a
LOAD C:/Program Files (x86)/Atmel/Studio/7.0/Packs/atmel/ATmega_DFP/1.7.374/gcc/dev/atmega32a/avr5\libatmega32a.a
END GROUP
                [0x00008000]                __TEXT_REGION_LENGTH__ = DEFINED (__TEXT_REGION_LENGTH__)?__TEXT_REGION_LENGTH__:0x20000
                [0x00000800]                __DATA_REGION_LENGTH__ = DEFINED (__DATA_REGION_LENGTH__)?__DATA_REGION_LENGTH__:0xffa0
                [0x00000400]                __EEPROM_REGION_LENGTH__ = DEFINED (__EEPROM_REGION_LENGTH__)?__EEPROM_REGION_LENGTH__:0x10000
                [0x00000002]                __FUSE_REGION_LENGTH__ = DEFINED (__FUSE_REGION_LENGTH__)?__FUSE_REGION_LENGTH__:0x400
                0x00000400                __LOCK_REGION_LENGTH__ = DEFINED (__LOCK_REGION_LENGTH__)?__LOCK_REGION_LENGTH__:0x400
                0x00000400                __SIGNATURE_REGION_LENGTH__ = DEFINED (__SIGNATURE_REGION_LENGTH__)?__SIGNATURE_REGION_LENGTH__:0x400
                0x00000400                __USER_SIGNATURE_REGION_LENGTH__ = DEFINED (__USER_SIGNATURE_REGION_LENGTH__)?__USER_SIGNATURE_REGION_LENGTH__:0x400

.hash
 *(.hash)

.dynsym
 *(.dynsym)

.dynstr
 *(.dynstr)

.gnu.version
 *(.gnu.version)

.gnu.version_d
 *(.gnu.version_d)

.gnu.version_r
 *(.gnu.version_r)

.rel.init
 *(.rel.init)

.rela.init
 *(.rela.init)

.rel.text
 *(.rel.text)
 *(.rel.text.*)
 *(.rel.gnu.linkonce.t*)

.rela.text
 *(.rela.text)
 *(.rela.text.*)
 *(.rela.gnu.linkonce.t*)

.rel.fini
 *(.rel.fini)

.rela.fini
 *(.rela.fini)

.rel.rodata
 *(.rel.rodata)
 *(.rel.rodata.*)
 *(.rel.gnu.linkonce.r*)

.rela.rodata
 *(.rela.rodata)
 *(.rela.rodata.*)
 *(.rela.gnu.linkonce.r*)

.rel.data
 *(.rel.data)
 *(.rel.data.*)
 *(.rel.gnu.linkonce.d*)

.rela.data
 *(.rela.data)
 *(.rela.data.*)
 *(.rela.gnu.linkonce.d*)

.rel.ctors
 *(.rel.ctors)

.rela.ctors
 *(.rela.ctors)

.rel.dtors
 *(.rel.dtors)

.rela.dtors
 *(.rela.dtors)

.rel.got
 *(.rel.got)

.rela.got
 *(.rela.got)

.rel.bss
 *(.rel.bss)

.rela.bss
 *(.rela.bss)

.rel.plt
 *(.rel.plt)

.rela.plt
 *(.rela.plt)

.text           0x00000000     0x1086
 *(.vectors)
 .vectors       0x00000000       0x54 C:/Program Files (x86)/Atmel/Studio/7.0/Packs/atmel/ATmega_DFP/1.7.374/gcc/dev/atmega32a/avr5/crtatmega32a.o
                0x00000000                __vector_default
                0x00000000                __vectors
 *(.vectors)
 *(.progmem.gcc*)
 .progmem.gcc_sw_table.TIMER_start
                0x00000054       0x38 MCAL/timer/timer.o
                0x0000008c                . = ALIGN (0x2)
                0x0000008c                __trampolines_start = .
 *(.trampolines)
 .trampolines   0x0000008c        0x0 linker stubs
 *(.trampolines*)
                0x0000008c                __trampolines_end = .
 *libprintf_flt.a:*(.progmem.data)
 *libc.a:*(.progmem.data)
 *(.progmem*)
                0x0000008c                . = ALIGN (0x2)
 *(.jumptables)
 *(.jumptables*)
 *(.lowtext)
 *(.lowtext*)
                0x0000008c                __ctors_start = .
 *(.ctors)
                0x0000008c                __ctors_end = .
                0x0000008c                __dtors_start = .
 *(.dtors)
                0x0000008c                __dtors_end = .
 SORT(*)(.ctors)
 SORT(*)(.dtors)
 *(.init0)
 .init0         0x0000008c        0x0 C:/Program Files (x86)/Atmel/Studio/7.0/Packs/atmel/ATmega_DFP/1.7.374/gcc/dev/atmega32a/avr5/crtatmega32a.o
                0x0000008c                __init
 *(.init0)
 *(.init1)
 *(.init1)
 *(.init2)
 .init2         0x0000008c        0xc C:/Program Files (x86)/Atmel/Studio/7.0/Packs/atmel/ATmega_DFP/1.7.374/gcc/dev/atmega32a/avr5/crtatmega32a.o
 *(.init2)
 *(.init3)
 *(.init3)
 *(.init4)
 .init4         0x00000098       0x16 c:/program files (x86)/atmel/studio/7.0/toolchain/avr8/avr8-gnu-toolchain/bin/../lib/gcc/avr/5.4.0/avr5\libgcc.a(_copy_data.o)
                0x00000098                __do_copy_data
 .init4         0x000000ae       0x10 c:/program files (x86)/atmel/studio/7.0/toolchain/avr8/avr8-gnu-toolchain/bin/../lib/gcc/avr/5.4.0/avr5\libgcc.a(_clear_bss.o)
                0x000000ae                __do_clear_bss
 *(.init4)
 *(.init5)
 *(.init5)
 *(.init6)
 *(.init6)
 *(.init7)
 *(.init7)
 *(.init8)
 *(.init8)
 *(.init9)
 .init9         0x000000be        0x8 C:/Program Files (x86)/Atmel/Studio/7.0/Packs/atmel/ATmega_DFP/1.7.374/gcc/dev/atmega32a/avr5/crtatmega32a.o
 *(.init9)
 *(.text)
 .text          0x000000c6        0x4 C:/Program Files (x86)/Atmel/Studio/7.0/Packs/atmel/ATmega_DFP/1.7.374/gcc/dev/atmega32a/avr5/crtatmega32a.o
                0x000000c6                __vector_12
                0x000000c6                __bad_interrupt
                0x000000c6                __vector_6
                0x000000c6                __vector_13
                0x000000c6                __vector_17
                0x000000c6                __vector_19
                0x000000c6                __vector_7
                0x000000c6                __vector_4
                0x000000c6                __vector_15
                0x000000c6                __vector_8
                0x000000c6                __vector_14
                0x000000c6                __vector_10
                0x000000c6                __vector_16
                0x000000c6                __vector_18
                0x000000c6                __vector_20
                0x000000ca                . = ALIGN (0x2)
 *(.text.*)
 .text.Stop_sos_handler
                0x000000ca       0x2c APP/app.o
 .text.task_2_handler
                0x000000f6       0x1c APP/app.o
 .text.task_1_handler
                0x00000112        0xa APP/app.o
 .text.APP_init
                0x0000011c       0xc8 APP/app.o
                0x0000011c                APP_init
 .text.APP_start
                0x000001e4        0x6 APP/app.o
                0x000001e4                APP_start
 .text.LED_initialize
                0x000001ea       0x52 HAL/led/led.o
                0x000001ea                LED_initialize
 .text.LED_turn_toggle
                0x0000023c       0x24 HAL/led/led.o
                0x0000023c                LED_turn_toggle
 .text.main     0x00000260        0xe main.o
                0x00000260                main
 .text.DIO_pin_direction_intialize
                0x0000026e       0x80 MCAL/dio/dio.o
                0x0000026e                DIO_pin_direction_intialize
 .text.DIO_pin_write_logic
                0x000002ee       0x82 MCAL/dio/dio.o
                0x000002ee                DIO_pin_write_logic
 .text.DIO_pin_toggle_logic
                0x00000370       0x4a MCAL/dio/dio.o
                0x00000370                DIO_pin_toggle_logic
 .text.__vector_1
                0x000003ba       0x58 MCAL/exti/external_interrupt.h.o
                0x000003ba                __vector_1
 .text.__vector_2
                0x00000412       0x58 MCAL/exti/external_interrupt.h.o
                0x00000412                __vector_2
 .text.__vector_3
                0x0000046a       0x58 MCAL/exti/external_interrupt.h.o
                0x0000046a                __vector_3
 .text.EXT_INTx_setCallBack
                0x000004c2       0x44 MCAL/exti/external_interrupt.h.o
                0x000004c2                EXT_INTx_setCallBack
 .text.EXT_INTx_setEdgeType
                0x00000506       0xf0 MCAL/exti/external_interrupt.h.o
                0x00000506                EXT_INTx_setEdgeType
 .text.EXT_INTx_Init
                0x000005f6       0xd2 MCAL/exti/external_interrupt.h.o
                0x000005f6                EXT_INTx_Init
 .text.__vector_11
                0x000006c8       0x60 MCAL/timer/timer.o
                0x000006c8                __vector_11
 .text.__vector_9
                0x00000728       0x60 MCAL/timer/timer.o
                0x00000728                __vector_9
 .text.__vector_5
                0x00000788       0x60 MCAL/timer/timer.o
                0x00000788                __vector_5
 .text.TIMER_init
                0x000007e8      0x11a MCAL/timer/timer.o
                0x000007e8                TIMER_init
 .text.TIMER_start
                0x00000902      0x298 MCAL/timer/timer.o
                0x00000902                TIMER_start
 .text.TIMER_stop
                0x00000b9a       0x5a MCAL/timer/timer.o
                0x00000b9a                TIMER_stop
 .text.TIMER_reset
                0x00000bf4       0x50 MCAL/timer/timer.o
                0x00000bf4                TIMER_reset
 .text.TIMER_setCallBack
                0x00000c44       0x44 MCAL/timer/timer.o
                0x00000c44                TIMER_setCallBack
 .text.init_theArrayOfIDs
                0x00000c88       0x7a SERVICE/sos/sos.o
 .text.SOS_timer_handelr
                0x00000d02       0x90 SERVICE/sos/sos.o
 .text.SOS_init
                0x00000d92       0x4a SERVICE/sos/sos.o
                0x00000d92                SOS_init
 .text.SOS_disable
                0x00000ddc       0x20 SERVICE/sos/sos.o
                0x00000ddc                SOS_disable
 .text.SOS_run  0x00000dfc      0x150 SERVICE/sos/sos.o
                0x00000dfc                SOS_run
 .text.SOS_create_task
                0x00000f4c       0x64 SERVICE/sos/sos.o
                0x00000f4c                SOS_create_task
 .text.EXT_INTx_setCallBack_manger
                0x00000fb0       0x16 STD_LIBRARIES/ex_int_manger/ex_int_manger.o
                0x00000fb0                EXT_INTx_setCallBack_manger
 .text.EXT_INTx_Init_manger
                0x00000fc6       0x1a STD_LIBRARIES/ex_int_manger/ex_int_manger.o
                0x00000fc6                EXT_INTx_Init_manger
 .text.TIMER_Manager_init
                0x00000fe0       0x40 STD_LIBRARIES/timer_manager/timer_manager.o
                0x00000fe0                TIMER_Manager_init
 .text.TIMER_Manager_start
                0x00001020       0x24 STD_LIBRARIES/timer_manager/timer_manager.o
                0x00001020                TIMER_Manager_start
 .text.TIMER_Manager_stop
                0x00001044        0xe STD_LIBRARIES/timer_manager/timer_manager.o
                0x00001044                TIMER_Manager_stop
 .text.TIMER_Manager_reset
                0x00001052       0x24 STD_LIBRARIES/timer_manager/timer_manager.o
                0x00001052                TIMER_Manager_reset
 .text.libgcc   0x00001076        0xc c:/program files (x86)/atmel/studio/7.0/toolchain/avr8/avr8-gnu-toolchain/bin/../lib/gcc/avr/5.4.0/avr5\libgcc.a(_tablejump2.o)
                0x00001076                __tablejump2__
                0x00001082                . = ALIGN (0x2)
 *(.fini9)
 .fini9         0x00001082        0x0 c:/program files (x86)/atmel/studio/7.0/toolchain/avr8/avr8-gnu-toolchain/bin/../lib/gcc/avr/5.4.0/avr5\libgcc.a(_exit.o)
                0x00001082                _exit
                0x00001082                exit
 *(.fini9)
 *(.fini8)
 *(.fini8)
 *(.fini7)
 *(.fini7)
 *(.fini6)
 *(.fini6)
 *(.fini5)
 *(.fini5)
 *(.fini4)
 *(.fini4)
 *(.fini3)
 *(.fini3)
 *(.fini2)
 *(.fini2)
 *(.fini1)
 *(.fini1)
 *(.fini0)
 .fini0         0x00001082        0x4 c:/program files (x86)/atmel/studio/7.0/toolchain/avr8/avr8-gnu-toolchain/bin/../lib/gcc/avr/5.4.0/avr5\libgcc.a(_exit.o)
 *(.fini0)
                0x00001086                _etext = .

.data           0x00800060       0x32 load address 0x00001086
                0x00800060                PROVIDE (__data_start, .)
 *(.data)
 *(.data*)
 .data.st_g_led1_instance
                0x00800060        0x3 HAL/led/led_config.o
                0x00800060                st_g_led1_instance
 .data.st_g_led0_instance
                0x00800063        0x3 HAL/led/led_config.o
                0x00800063                st_g_led0_instance
 .data.Start_Flag
                0x00800066        0x1 SERVICE/sos/sos.o
                0x00800066                Start_Flag
 .data.u8_sg_sos_enable_flag
                0x00800067        0x1 SERVICE/sos/sos.o
                0x00800067                u8_sg_sos_enable_flag
 .data.str_g_task_2_
                0x00800068        0x7 SERVICE/sos/sos_config.o
                0x00800068                str_g_task_2_
 .data.str_g_task_1_
                0x0080006f        0x7 SERVICE/sos/sos_config.o
                0x0080006f                str_g_task_1_
 .data.s_INT2   0x00800076        0x2 STD_LIBRARIES/ex_int_manger/ex_int_manger_config.o
                0x00800076                s_INT2
 .data.s_INT1   0x00800078        0x2 STD_LIBRARIES/ex_int_manger/ex_int_manger_config.o
                0x00800078                s_INT1
 .data.st_g_sos_timer
                0x0080007a        0x7 STD_LIBRARIES/timer_manager/timer_manger_config.o
                0x0080007a                st_g_sos_timer
 *(.gnu.linkonce.d*)
 *(.rodata)
 *(.rodata*)
 .rodata.port_registers
                0x00800081        0x8 MCAL/dio/dio.o
 .rodata.ddr_registers
                0x00800089        0x8 MCAL/dio/dio.o
 *(.gnu.linkonce.r*)
                0x00800092                . = ALIGN (0x2)
 *fill*         0x00800091        0x1 
                0x00800092                _edata = .
                0x00800092                PROVIDE (__data_end, .)

.bss            0x00800092       0x2e
                0x00800092                PROVIDE (__bss_start, .)
 *(.bss)
 *(.bss*)
 .bss.f.1780    0x00800092        0x1 APP/app.o
 .bss.u8_sg_counter
                0x00800093        0x2 APP/app.o
 .bss.enu_sg_ret
                0x00800095        0x1 APP/app.o
 .bss.g_EXT_INT2_fptr
                0x00800096        0x2 MCAL/exti/external_interrupt.h.o
 .bss.g_EXT_INT1_fptr
                0x00800098        0x2 MCAL/exti/external_interrupt.h.o
 .bss.g_EXT_INT0_fptr
                0x0080009a        0x2 MCAL/exti/external_interrupt.h.o
 .bss.sg_Timer2_callBackPtr
                0x0080009c        0x2 MCAL/timer/timer.o
 .bss.sg_Timer1_callBackPtr
                0x0080009e        0x2 MCAL/timer/timer.o
 .bss.sg_Timer0_callBackPtr
                0x008000a0        0x2 MCAL/timer/timer.o
 .bss.u8Arr_sg_ID_of_taskPriorty
                0x008000a2        0x3 SERVICE/sos/sos.o
 .bss.uintu8_sg_sos_index_2
                0x008000a5        0x4 SERVICE/sos/sos.o
 .bss.uintu8_sg_sos_index_1
                0x008000a9        0x4 SERVICE/sos/sos.o
 .bss.u8Arr_sg__of_taskCounters
                0x008000ad        0xc SERVICE/sos/sos.o
 .bss.strPtrs_tasks
                0x008000b9        0x6 SERVICE/sos/sos.o
 .bss.enu_sg_sos_init_status
                0x008000bf        0x1 SERVICE/sos/sos.o
 *(COMMON)
                0x008000c0                PROVIDE (__bss_end, .)
                0x00001086                __data_load_start = LOADADDR (.data)
                0x000010b8                __data_load_end = (__data_load_start + SIZEOF (.data))

.noinit         0x008000c0        0x0
                [!provide]                PROVIDE (__noinit_start, .)
 *(.noinit*)
                [!provide]                PROVIDE (__noinit_end, .)
                0x008000c0                _end = .
                [!provide]                PROVIDE (__heap_start, .)

.eeprom         0x00810000        0x0
 *(.eeprom*)
                0x00810000                __eeprom_end = .

.fuse
 *(.fuse)
 *(.lfuse)
 *(.hfuse)
 *(.efuse)

.lock
 *(.lock*)

.signature
 *(.signature*)

.user_signatures
 *(.user_signatures*)

.stab
 *(.stab)

.stabstr
 *(.stabstr)

.stab.excl
 *(.stab.excl)

.stab.exclstr
 *(.stab.exclstr)

.stab.index
 *(.stab.index)

.stab.indexstr
 *(.stab.indexstr)

.comment        0x00000000       0x60
 *(.comment)
 .comment       0x00000000       0x30 APP/app.o
                                 0x31 (size before relaxing)
 .comment       0x00000030       0x31 HAL/led/led.o
 .comment       0x00000030       0x31 HAL/led/led_config.o
 .comment       0x00000030       0x30 main.o
                                 0x31 (size before relaxing)
 .comment       0x00000060       0x31 MCAL/dio/dio.o
 .comment       0x00000060       0x31 MCAL/exti/external_interrupt.h.o
 .comment       0x00000060       0x31 MCAL/timer/timer.o
 .comment       0x00000060       0x31 SERVICE/sos/sos.o
 .comment       0x00000060       0x31 SERVICE/sos/sos_config.o
 .comment       0x00000060       0x31 STD_LIBRARIES/ex_int_manger/ex_int_manger.o
 .comment       0x00000060       0x31 STD_LIBRARIES/ex_int_manger/ex_int_manger_config.o
 .comment       0x00000060       0x31 STD_LIBRARIES/timer_manager/timer_manager.o
 .comment       0x00000060       0x31 STD_LIBRARIES/timer_manager/timer_manger_config.o

.note.gnu.avr.deviceinfo
                0x00000000       0x3c
 .note.gnu.avr.deviceinfo
                0x00000000       0x3c C:/Program Files (x86)/Atmel/Studio/7.0/Packs/atmel/ATmega_DFP/1.7.374/gcc/dev/atmega32a/avr5/crtatmega32a.o

.note.gnu.build-id
 *(.note.gnu.build-id)

.debug
 *(.debug)

.line
 *(.line)

.debug_srcinfo
 *(.debug_srcinfo)

.debug_sfnames
 *(.debug_sfnames)

.debug_aranges  0x00000000      0x2d0
 *(.debug_aranges)
 .debug_aranges
                0x00000000       0x40 APP/app.o
 .debug_aranges
                0x00000040       0x38 HAL/led/led.o
 .debug_aranges
                0x00000078       0x18 HAL/led/led_config.o
 .debug_aranges
                0x00000090       0x20 main.o
 .debug_aranges
                0x000000b0       0x58 MCAL/dio/dio.o
 .debug_aranges
                0x00000108       0x50 MCAL/exti/external_interrupt.h.o
 .debug_aranges
                0x00000158       0x58 MCAL/timer/timer.o
 .debug_aranges
                0x000001b0       0x68 SERVICE/sos/sos.o
 .debug_aranges
                0x00000218       0x18 SERVICE/sos/sos_config.o
 .debug_aranges
                0x00000230       0x38 STD_LIBRARIES/ex_int_manger/ex_int_manger.o
 .debug_aranges
                0x00000268       0x18 STD_LIBRARIES/ex_int_manger/ex_int_manger_config.o
 .debug_aranges
                0x00000280       0x38 STD_LIBRARIES/timer_manager/timer_manager.o
 .debug_aranges
                0x000002b8       0x18 STD_LIBRARIES/timer_manager/timer_manger_config.o

.debug_pubnames
 *(.debug_pubnames)

.debug_info     0x00000000     0x2b93
 *(.debug_info .gnu.linkonce.wi.*)
 .debug_info    0x00000000      0x4e6 C:/Program Files (x86)/Atmel/Studio/7.0/Packs/atmel/ATmega_DFP/1.7.374/gcc/dev/atmega32a/avr5/crtatmega32a.o
 .debug_info    0x000004e6      0x530 APP/app.o
 .debug_info    0x00000a16      0x38a HAL/led/led.o
 .debug_info    0x00000da0      0x196 HAL/led/led_config.o
 .debug_info    0x00000f36       0xc2 main.o
 .debug_info    0x00000ff8      0x474 MCAL/dio/dio.o
 .debug_info    0x0000146c      0x456 MCAL/exti/external_interrupt.h.o
 .debug_info    0x000018c2      0x2e2 MCAL/timer/timer.o
 .debug_info    0x00001ba4      0x6c0 SERVICE/sos/sos.o
 .debug_info    0x00002264      0x159 SERVICE/sos/sos_config.o
 .debug_info    0x000023bd      0x2d9 STD_LIBRARIES/ex_int_manger/ex_int_manger.o
 .debug_info    0x00002696      0x12a STD_LIBRARIES/ex_int_manger/ex_int_manger_config.o
 .debug_info    0x000027c0      0x2b9 STD_LIBRARIES/timer_manager/timer_manager.o
 .debug_info    0x00002a79      0x11a STD_LIBRARIES/timer_manager/timer_manger_config.o

.debug_abbrev   0x00000000      0xff8
 *(.debug_abbrev)
 .debug_abbrev  0x00000000      0x4a3 C:/Program Files (x86)/Atmel/Studio/7.0/Packs/atmel/ATmega_DFP/1.7.374/gcc/dev/atmega32a/avr5/crtatmega32a.o
 .debug_abbrev  0x000004a3      0x11f APP/app.o
 .debug_abbrev  0x000005c2      0x10d HAL/led/led.o
 .debug_abbrev  0x000006cf       0x7c HAL/led/led_config.o
 .debug_abbrev  0x0000074b       0x65 main.o
 .debug_abbrev  0x000007b0       0xf2 MCAL/dio/dio.o
 .debug_abbrev  0x000008a2      0x153 MCAL/exti/external_interrupt.h.o
 .debug_abbrev  0x000009f5      0x104 MCAL/timer/timer.o
 .debug_abbrev  0x00000af9      0x1e3 SERVICE/sos/sos.o
 .debug_abbrev  0x00000cdc       0x7d SERVICE/sos/sos_config.o
 .debug_abbrev  0x00000d59       0xdc STD_LIBRARIES/ex_int_manger/ex_int_manger.o
 .debug_abbrev  0x00000e35       0x6d STD_LIBRARIES/ex_int_manger/ex_int_manger_config.o
 .debug_abbrev  0x00000ea2       0xf1 STD_LIBRARIES/timer_manager/timer_manager.o
 .debug_abbrev  0x00000f93       0x65 STD_LIBRARIES/timer_manager/timer_manger_config.o

.debug_line     0x00000000     0x1e05
 *(.debug_line .debug_line.* .debug_line_end)
 .debug_line    0x00000000      0x116 C:/Program Files (x86)/Atmel/Studio/7.0/Packs/atmel/ATmega_DFP/1.7.374/gcc/dev/atmega32a/avr5/crtatmega32a.o
 .debug_line    0x00000116      0x28a APP/app.o
 .debug_line    0x000003a0      0x1b1 HAL/led/led.o
 .debug_line    0x00000551       0x61 HAL/led/led_config.o
 .debug_line    0x000005b2       0x5d main.o
 .debug_line    0x0000060f      0x287 MCAL/dio/dio.o
 .debug_line    0x00000896      0x3f5 MCAL/exti/external_interrupt.h.o
 .debug_line    0x00000c8b      0x716 MCAL/timer/timer.o
 .debug_line    0x000013a1      0x4f4 SERVICE/sos/sos.o
 .debug_line    0x00001895       0x74 SERVICE/sos/sos_config.o
 .debug_line    0x00001909      0x1a9 STD_LIBRARIES/ex_int_manger/ex_int_manger.o
 .debug_line    0x00001ab2       0x9a STD_LIBRARIES/ex_int_manger/ex_int_manger_config.o
 .debug_line    0x00001b4c      0x1d3 STD_LIBRARIES/timer_manager/timer_manager.o
 .debug_line    0x00001d1f       0xe6 STD_LIBRARIES/timer_manager/timer_manger_config.o

.debug_frame    0x00000000      0x5c8
 *(.debug_frame)
 .debug_frame   0x00000000       0x64 APP/app.o
 .debug_frame   0x00000064       0x60 HAL/led/led.o
 .debug_frame   0x000000c4       0x24 main.o
 .debug_frame   0x000000e8       0x94 MCAL/dio/dio.o
 .debug_frame   0x0000017c      0x174 MCAL/exti/external_interrupt.h.o
 .debug_frame   0x000002f0      0x16c MCAL/timer/timer.o
 .debug_frame   0x0000045c       0xb4 SERVICE/sos/sos.o
 .debug_frame   0x00000510       0x54 STD_LIBRARIES/ex_int_manger/ex_int_manger.o
 .debug_frame   0x00000564       0x64 STD_LIBRARIES/timer_manager/timer_manager.o

.debug_str      0x00000000     0x11c7
 *(.debug_str)
 .debug_str     0x00000000      0x196 C:/Program Files (x86)/Atmel/Studio/7.0/Packs/atmel/ATmega_DFP/1.7.374/gcc/dev/atmega32a/avr5/crtatmega32a.o
 .debug_str     0x00000196      0x616 APP/app.o
                                0x642 (size before relaxing)
 .debug_str     0x000007ac      0x124 HAL/led/led.o
                                0x347 (size before relaxing)
 .debug_str     0x000008d0       0x2b HAL/led/led_config.o
                                0x2bd (size before relaxing)
 .debug_str     0x000008fb       0x46 main.o
                                0x188 (size before relaxing)
 .debug_str     0x00000941      0x105 MCAL/dio/dio.o
                                0x3d8 (size before relaxing)
 .debug_str     0x00000a46      0x121 MCAL/exti/external_interrupt.h.o
                                0x4be (size before relaxing)
 .debug_str     0x00000b67      0x1b6 MCAL/timer/timer.o
                                0x36b (size before relaxing)
 .debug_str     0x00000d1d      0x36e SERVICE/sos/sos.o
                                0x73c (size before relaxing)
 .debug_str     0x0000108b       0x2a SERVICE/sos/sos_config.o
                                0x2e5 (size before relaxing)
 .debug_str     0x000010b5       0x62 STD_LIBRARIES/ex_int_manger/ex_int_manger.o
                                0x3d3 (size before relaxing)
 .debug_str     0x00001117       0x3d STD_LIBRARIES/ex_int_manger/ex_int_manger_config.o
                                0x2fb (size before relaxing)
 .debug_str     0x00001154       0x3e STD_LIBRARIES/timer_manager/timer_manager.o
                                0x35f (size before relaxing)
 .debug_str     0x00001192       0x35 STD_LIBRARIES/timer_manager/timer_manger_config.o
                                0x2b1 (size before relaxing)

.debug_loc      0x00000000     0x208e
 *(.debug_loc)
 .debug_loc     0x00000000      0x342 HAL/led/led.o
 .debug_loc     0x00000342      0x496 MCAL/dio/dio.o
 .debug_loc     0x000007d8      0x77a MCAL/exti/external_interrupt.h.o
 .debug_loc     0x00000f52      0x6f2 MCAL/timer/timer.o
 .debug_loc     0x00001644      0x4e2 SERVICE/sos/sos.o
 .debug_loc     0x00001b26      0x283 STD_LIBRARIES/ex_int_manger/ex_int_manger.o
 .debug_loc     0x00001da9      0x2e5 STD_LIBRARIES/timer_manager/timer_manager.o

.debug_macinfo
 *(.debug_macinfo)

.debug_weaknames
 *(.debug_weaknames)

.debug_funcnames
 *(.debug_funcnames)

.debug_typenames
 *(.debug_typenames)

.debug_varnames
 *(.debug_varnames)

.debug_pubtypes
 *(.debug_pubtypes)

.debug_ranges   0x00000000      0x1e0
 *(.debug_ranges)
 .debug_ranges  0x00000000       0x30 APP/app.o
 .debug_ranges  0x00000030       0x28 HAL/led/led.o
 .debug_ranges  0x00000058       0x10 main.o
 .debug_ranges  0x00000068       0x48 MCAL/dio/dio.o
 .debug_ranges  0x000000b0       0x40 MCAL/exti/external_interrupt.h.o
 .debug_ranges  0x000000f0       0x48 MCAL/timer/timer.o
 .debug_ranges  0x00000138       0x58 SERVICE/sos/sos.o
 .debug_ranges  0x00000190       0x28 STD_LIBRARIES/ex_int_manger/ex_int_manger.o
 .debug_ranges  0x000001b8       0x28 STD_LIBRARIES/timer_manager/timer_manager.o

.debug_macro
 *(.debug_macro)
OUTPUT(SOS.elf elf32-avr)
LOAD linker stubs
